{"timestamp": "2026-06-07T13:46:10.113567+00:00", "serial": "45AFAF34CFF4AA19D52569C0509E1A7A3DFBF0", "subject": "CN=localhost", "fingerprint": "194f589bc69209e6a12dd45fbf03c1e0775553f588d9fc2f70c519bc422e62b1", "issuer": "CN=Demo Inter CA"}
{"timestamp": "2026-06-07T13:46:10.803248+00:00", "serial": "C6AF0992ACC4F72504764255CCBF9B0121459E", "subject": "CN=Demo Client", "fingerprint": "edfc0a8144c39f4966a2e08b4e71b80667142e8c0ff56d3f18e27b0b1c7cdac3", "issuer": "CN=Demo Inter CA"}
{"timestamp": "2026-06-07T13:46:24.285248+00:00", "serial": "8E8148D5FCA300A80B8E0CC46ADBF3EE20F2AC", "subject": "CN=Code Signing Demo", "fingerprint": "d715ed2642c2e928bed401a3c9671dc6c354870b790f37cf92f7bf1a97d31820", "issuer": "CN=Demo Inter CA"}
{"timestamp": "2026-06-07T13:48:13.372560+00:00", "serial": "62265A727D2ECA124CD241C6D6E3B808914C4F", "subject": "CN=localhost", "fingerprint": "c8fa6f3c95e1ad2cf237b8f434347ab8537e6b747b5e0614f7df17ac5047b34b", "issuer": "CN=Demo Inter CA"}
{"timestamp": "2026-06-07T13:48:14.005055+00:00", "serial": "9C2289548C56D5818C76D462E63C7A87A2F937", "subject": "CN=Demo Client", "fingerprint": "9c594401fe46dc72ff1a25f058cce5e53f314ae4c557bb1a31f2a4d46e238396", "issuer": "CN=Demo Inter CA"}
{"timestamp": "2026-06-07T13:48:24.412710+00:00", "serial": "A44B85806ED6857277BB0EACE8DA6479368744", "subject": "CN=Code Signing Demo", "fingerprint": "64607be3c14eaadaf2245699b620a06cbf77412f7895c7e4af061e8a5271cd04", "issuer": "CN=Demo Inter CA"}
{"timestamp": "2026-06-07T13:49:53.098816+00:00", "serial": "2F7F4D5D519573D22E29C2F6AB86415B6567AC", "subject": "CN=localhost", "fingerprint": "e1f4a583ce2804db9f4eb07ba52326429ec1ae622b9bbe7647b88e7905a83190", "issuer": "CN=Demo Inter CA"}
{"timestamp": "2026-06-07T13:49:53.733680+00:00", "serial": "C8330FCA001F732D521690725DC4496F72160F", "subject": "CN=Demo Client", "fingerprint": "6fe07a4a58c1c069f570b856f8878e5c9a7ac4058b86fc05b686e8e6de2fcaf3", "issuer": "CN=Demo Inter CA"}
{"timestamp": "2026-06-07T13:51:32.787243+00:00", "serial": "7179251414D5D74B589EEC3F3B11F6F7010927", "subject": "CN=localhost", "fingerprint": "c0d599d0811a817edd71abbca2ed0e5512c4afe6862c7e22e808349fd93ede04", "issuer": "CN=Demo Inter CA"}
{"timestamp": "2026-06-07T13:51:33.411912+00:00", "serial": "3B330BC55889C17D91ABD4A9F270C7C335AA26", "subject": "CN=Demo Client", "fingerprint": "ea42b39c88becac5340722d8139ce2289536c82ccbd09442a0a7f1583b202fee", "issuer": "CN=Demo Inter CA"}
{"timestamp": "2026-06-07T13:51:43.810506+00:00", "serial": "EB78E47E99291AB4BFFC241D5CF6E329B25D8", "subject": "CN=Code Signing Demo", "fingerprint": "cbe57c6778fe081e62d1b84d4209f037f2290fa902696f97b2ba0e6312bc7d4e", "issuer": "CN=Demo Inter CA"}
{"timestamp": "2026-06-07T13:53:13.285599+00:00", "serial": "EC71FDBDE65B923D1DEEC8142F25F631B75481", "subject": "CN=localhost", "fingerprint": "d36d2f6f7c59767d1f8437d93166cffa3661b75d66c3ece45bcb44c9ea4f7d61", "issuer": "CN=Demo Inter CA"}
{"timestamp": "2026-06-07T13:53:13.941403+00:00", "serial": "242F9A836CEEF58BD20F14F1B307E84C898361", "subject": "CN=Demo Client", "fingerprint": "dbda66ea8a1f9f1986a2a9088548d57a31b502e0ebf263abe7b65a7163ecc29e", "issuer": "CN=Demo Inter CA"}
{"timestamp": "2026-06-07T13:53:24.340281+00:00", "serial": "B9BF5BD3C2F41F32060777150FE1391CB1840B", "subject": "CN=Code Signing Demo", "fingerprint": "65017bd95eda49f396d7fa2172166a1dc61b06d3249367f1e38f4246732a0803", "issuer": "CN=Demo Inter CA"}
{"timestamp": "2026-06-07T13:55:12.069205+00:00", "serial": "6C644F21017FDB989615D9274893E3E1861012", "subject": "CN=localhost", "fingerprint": "67b1ace3c402f2e4c52bc2c5215dcc764188308524d3dd0a81f6654dcfc56156", "issuer": "CN=Demo Inter CA"}
{"timestamp": "2026-06-07T13:55:12.729750+00:00", "serial": "2862A7CB2197015EEE22CF5447A56A33586BF7", "subject": "CN=Demo Client", "fingerprint": "3b41a51e00d274a57150b86319b79ebd770977fcf53b83f0a72e947f140f5970", "issuer": "CN=Demo Inter CA"}
{"timestamp": "2026-06-07T13:55:23.063396+00:00", "serial": "89524ABF95CD5EDBDCBE554B668D067EED3816", "subject": "CN=Code Signing Demo", "fingerprint": "604452874dace87a5bcba6633576fc67c1a9a19b8e95c06177219c441d2a62ba", "issuer": "CN=Demo Inter CA"}
{"timestamp": "2026-06-07T13:59:02.716111+00:00", "serial": "EA275E10D435A139BB75101637ACAC1CE5B07D", "subject": "CN=localhost", "fingerprint": "e326ad545973a6f60d29d6a8ea310f54c7dee0ed89dffef798ac5607340a9b48", "issuer": "CN=Demo Inter CA"}
{"timestamp": "2026-06-07T13:59:03.362817+00:00", "serial": "E17C34F1A4C2A2B460BB6767509BF9F0CC650E", "subject": "CN=Demo Client", "fingerprint": "686c65a55dc13dfac0d91c47bb17b015c659dacd4b7fca20c4a9b3305986d489", "issuer": "CN=Demo Inter CA"}
{"timestamp": "2026-06-07T13:59:14.857277+00:00", "serial": "8C54BBA6413640614FB0C1DCF7E2C30F1CBDE2", "subject": "CN=Code Signing Demo", "fingerprint": "a13b9788102b5e8e5294f3530c9acd4082f28de95acaf37b6260b1ef0b166fb2", "issuer": "CN=Demo Inter CA"}
{"timestamp": "2026-06-07T14:00:28.667933+00:00", "serial": "7E92674FA09764D0F65DB0F643D87C469F2866", "subject": "CN=localhost", "fingerprint": "76f76265072e5d348a01c36945d93e4b21eb5edf8fc06b88565c32da5c36f9c5", "issuer": "CN=Demo Inter CA"}
{"timestamp": "2026-06-07T14:00:29.339249+00:00", "serial": "B0155DB17CE75FF900F967EE8961871F4C568", "subject": "CN=Demo Client", "fingerprint": "124147c99fbc46d7ffe800e884286e3758862bbfbbe6c105846606b0196aea7c", "issuer": "CN=Demo Inter CA"}
{"timestamp": "2026-06-07T14:00:40.780570+00:00", "serial": "C4768535A614368121B8A3920C35B576EF547F", "subject": "CN=Code Signing Demo", "fingerprint": "76966de1b86f17aa78c380d37555d5d5745c74b2cc1f1f9e1bf7706f0f619a25", "issuer": "CN=Demo Inter CA"}
{"timestamp": "2026-06-07T14:03:29.497127+00:00", "serial": "49E5B7C43CB5DD244B1C992BE163662D391763", "subject": "CN=localhost", "fingerprint": "fa37fcd3c8628f60cb6a49bfee22f4096b0a1909aa3f363df0b27fde8d287c45", "issuer": "CN=Demo Inter CA"}
{"timestamp": "2026-06-07T14:03:30.172347+00:00", "serial": "285A3D06757BCA8E6B7100D73A1C9C22D736A0", "subject": "CN=Demo Client", "fingerprint": "5257065d3d92d681cf3923e421fefdb4c02f7da963e28bf81bf11c6f10e5e23d", "issuer": "CN=Demo Inter CA"}
{"timestamp": "2026-06-07T14:03:41.470856+00:00", "serial": "FB34AD3CEA096010ED69A55BD534C801CCC84B", "subject": "CN=Code Signing Demo", "fingerprint": "ae5e896a31a820b5db2555c774c8c0a8df17c6f2ad4bcd31e988ce25c503f008", "issuer": "CN=Demo Inter CA"}
{"timestamp": "2026-06-07T18:17:53.253948+00:00", "serial": "388754A29BB6AC9879DF8D4689FA9E4431EC2B", "subject": "CN=localhost", "fingerprint": "40b16c3bbbd29ee3b1734eb9710ffdd732e179f6a8918b776f019a3faac2eaa2", "issuer": "CN=Demo Inter CA"}
{"timestamp": "2026-06-07T18:17:53.943626+00:00", "serial": "3C1108EF832842B9BF72440C18CB633E7D8ACB", "subject": "CN=Demo Client", "fingerprint": "f5c88105478f3e78e9697c3c6006d942e7107a9316b5bd78e28eb043cfc2e2a9", "issuer": "CN=Demo Inter CA"}
{"timestamp": "2026-06-07T18:18:05.346158+00:00", "serial": "A785B7270DD0156FDFB1D9F797C2F8701D3F3", "subject": "CN=Code Signing Demo", "fingerprint": "9816dd8be0bdfd03c34db6bd130fa98f453c1893a148ad93ff2e2e671312ac48", "issuer": "CN=Demo Inter CA"}
{"timestamp": "2026-06-07T20:30:38.075240+00:00", "serial": "A49815E08230CE4872B495167787DACABC340C", "subject": "CN=localhost", "fingerprint": "6c484bdce052f23a44a04b77eb47ecdc3c4b89aa8b3f9a05e3d7f152e84ffe01", "issuer": "CN=Demo Inter CA"}
{"timestamp": "2026-06-07T20:30:38.724317+00:00", "serial": "85C3233C586233161EC118590769520A3D3BA4", "subject": "CN=Demo Client", "fingerprint": "fb56292c446f0782e818e037d1901f2e9b64e836b39d8f8924a73c902f8cd38e", "issuer": "CN=Demo Inter CA"}
{"timestamp": "2026-06-07T20:30:50.094567+00:00", "serial": "1332F9A0E8FF1B0CC64CEDB37D807F026FC45D", "subject": "CN=Code Signing Demo", "fingerprint": "6234bdd26b61e5e713b043118507838ee1de7ad86e2b140a7c9aaf79805803ea", "issuer": "CN=Demo Inter CA"}
{"timestamp": "2026-06-07T21:25:32.776219+00:00", "serial": "A171B7E56B9C8118832368C168F30A6448B5A4", "subject": "CN=localhost", "fingerprint": "28d9b19fdd50b4c9b0289fb560b3cb899b684f4a86dca3c21e66e91be49bd6f8", "issuer": "CN=Demo Inter CA"}
{"timestamp": "2026-06-07T21:25:33.443377+00:00", "serial": "2A5272D2723450D22D7BBE4471B3249B21A42D", "subject": "CN=Demo Client", "fingerprint": "797e810b8f6ce0e551414816196f49217d341cb1a1f1cc45b2ab33bc761a0ca5", "issuer": "CN=Demo Inter CA"}
{"timestamp": "2026-06-07T21:25:44.831843+00:00", "serial": "8C3365AEECB6AD3A86B3ADD9F8B62931B5B8F4", "subject": "CN=Code Signing Demo", "fingerprint": "6f09560f8a69236a711ee9bfb0add67e6a96eed6d9a4b13b963c161c6f4a1fad", "issuer": "CN=Demo Inter CA"}
